------------------------------------------------------------
TimeQuest Timing Analyzer Summary
------------------------------------------------------------

Type  : Slow 1200mV 85C Model Setup 'sys_clk'
Slack : -5.424
TNS   : -514.811

Type  : Slow 1200mV 85C Model Setup 'i2c_ctrl:i2c_ctrl_inst|i2c_clk'
Slack : -3.515
TNS   : -350.069

Type  : Slow 1200mV 85C Model Setup 'i2c_ctrl:i2c_ctrl_inst|cnt_i2c_clk[0]'
Slack : -1.463
TNS   : -10.594

Type  : Slow 1200mV 85C Model Hold 'i2c_ctrl:i2c_ctrl_inst|i2c_clk'
Slack : -0.384
TNS   : -0.839

Type  : Slow 1200mV 85C Model Hold 'sys_clk'
Slack : 0.085
TNS   : 0.000

Type  : Slow 1200mV 85C Model Hold 'i2c_ctrl:i2c_ctrl_inst|cnt_i2c_clk[0]'
Slack : 0.617
TNS   : 0.000

Type  : Slow 1200mV 85C Model Recovery 'i2c_ctrl:i2c_ctrl_inst|cnt_i2c_clk[0]'
Slack : -5.021
TNS   : -5.021

Type  : Slow 1200mV 85C Model Removal 'i2c_ctrl:i2c_ctrl_inst|cnt_i2c_clk[0]'
Slack : 3.897
TNS   : 0.000

Type  : Slow 1200mV 85C Model Minimum Pulse Width 'i2c_ctrl:i2c_ctrl_inst|i2c_clk'
Slack : -3.201
TNS   : -229.906

Type  : Slow 1200mV 85C Model Minimum Pulse Width 'sys_clk'
Slack : -3.000
TNS   : -322.705

Type  : Slow 1200mV 85C Model Minimum Pulse Width 'i2c_ctrl:i2c_ctrl_inst|cnt_i2c_clk[0]'
Slack : 0.309
TNS   : 0.000

Type  : Slow 1200mV 0C Model Setup 'sys_clk'
Slack : -4.847
TNS   : -463.612

Type  : Slow 1200mV 0C Model Setup 'i2c_ctrl:i2c_ctrl_inst|i2c_clk'
Slack : -3.131
TNS   : -316.736

Type  : Slow 1200mV 0C Model Setup 'i2c_ctrl:i2c_ctrl_inst|cnt_i2c_clk[0]'
Slack : -1.329
TNS   : -9.304

Type  : Slow 1200mV 0C Model Hold 'i2c_ctrl:i2c_ctrl_inst|i2c_clk'
Slack : -0.249
TNS   : -0.566

Type  : Slow 1200mV 0C Model Hold 'sys_clk'
Slack : 0.094
TNS   : 0.000

Type  : Slow 1200mV 0C Model Hold 'i2c_ctrl:i2c_ctrl_inst|cnt_i2c_clk[0]'
Slack : 0.587
TNS   : 0.000

Type  : Slow 1200mV 0C Model Recovery 'i2c_ctrl:i2c_ctrl_inst|cnt_i2c_clk[0]'
Slack : -4.455
TNS   : -4.455

Type  : Slow 1200mV 0C Model Removal 'i2c_ctrl:i2c_ctrl_inst|cnt_i2c_clk[0]'
Slack : 3.499
TNS   : 0.000

Type  : Slow 1200mV 0C Model Minimum Pulse Width 'i2c_ctrl:i2c_ctrl_inst|i2c_clk'
Slack : -3.201
TNS   : -229.906

Type  : Slow 1200mV 0C Model Minimum Pulse Width 'sys_clk'
Slack : -3.000
TNS   : -322.705

Type  : Slow 1200mV 0C Model Minimum Pulse Width 'i2c_ctrl:i2c_ctrl_inst|cnt_i2c_clk[0]'
Slack : 0.237
TNS   : 0.000

Type  : Fast 1200mV 0C Model Setup 'sys_clk'
Slack : -1.957
TNS   : -108.288

Type  : Fast 1200mV 0C Model Setup 'i2c_ctrl:i2c_ctrl_inst|i2c_clk'
Slack : -0.971
TNS   : -71.974

Type  : Fast 1200mV 0C Model Setup 'i2c_ctrl:i2c_ctrl_inst|cnt_i2c_clk[0]'
Slack : -0.415
TNS   : -2.847

Type  : Fast 1200mV 0C Model Hold 'sys_clk'
Slack : -0.123
TNS   : -0.123

Type  : Fast 1200mV 0C Model Hold 'i2c_ctrl:i2c_ctrl_inst|i2c_clk'
Slack : -0.113
TNS   : -0.421

Type  : Fast 1200mV 0C Model Hold 'i2c_ctrl:i2c_ctrl_inst|cnt_i2c_clk[0]'
Slack : 0.567
TNS   : 0.000

Type  : Fast 1200mV 0C Model Recovery 'i2c_ctrl:i2c_ctrl_inst|cnt_i2c_clk[0]'
Slack : -2.059
TNS   : -2.059

Type  : Fast 1200mV 0C Model Removal 'i2c_ctrl:i2c_ctrl_inst|cnt_i2c_clk[0]'
Slack : 2.158
TNS   : 0.000

Type  : Fast 1200mV 0C Model Minimum Pulse Width 'sys_clk'
Slack : -3.000
TNS   : -232.578

Type  : Fast 1200mV 0C Model Minimum Pulse Width 'i2c_ctrl:i2c_ctrl_inst|i2c_clk'
Slack : -1.000
TNS   : -150.000

Type  : Fast 1200mV 0C Model Minimum Pulse Width 'i2c_ctrl:i2c_ctrl_inst|cnt_i2c_clk[0]'
Slack : 0.411
TNS   : 0.000

------------------------------------------------------------
